// Jest Snapshot v1, https://goo.gl/fbAQLP

exports[`Default render tests renders snapshot 1`] = `
.emotion-0 {
  margin: 0;
  margin-bottom: 10px;
  font-weight: 700;
  font-size: 18px;
}

.emotion-1 {
  display: -webkit-inline-box;
  display: -webkit-inline-flex;
  display: -ms-inline-flexbox;
  display: inline-flex;
  min-width: 200px;
  padding: 5px;
}

.emotion-2 {
  display: -webkit-inline-box;
  display: -webkit-inline-flex;
  display: -ms-inline-flexbox;
  display: inline-flex;
  -webkit-box-pack: center;
  -webkit-justify-content: center;
  -ms-flex-pack: center;
  justify-content: center;
  min-width: 200px;
  padding: 5px 15px;
  font-size: 16px;
  color: #000;
  opacity: 0.2;
  background-color: blue;
  color: #fff;
}

<div
  className="todo-list-form"
>
  <p
    className="emotion-0"
  >
    Создать задачу
  </p>
  <input
    className="emotion-1"
    onChange={[Function]}
    value=""
  />
  <button
    className="add-task emotion-2"
    disabled={true}
    onClick={[Function]}
  >
    Добавить
  </button>
</div>
`;
